RANS model: standard k-epsilon
Transient SIMPLE 1 mass=0.000000e+00 dU=0.000000e+00 rU=0.000000e+00 dP=0.000000e+00 linP=0.000000e+00 dTurb=3.002490e-03 rTurb=8.921226e-04 linear=ok converged=false
Transient SIMPLE 19 mass=0.000000e+00 dU=0.000000e+00 rU=0.000000e+00 dP=0.000000e+00 linP=0.000000e+00 dTurb=6.942130e-11 rTurb=2.243494e-11 linear=ok converged=true
Transient SIMPLE 1 mass=0.000000e+00 dU=0.000000e+00 rU=0.000000e+00 dP=0.000000e+00 linP=0.000000e+00 dTurb=3.108904e-03 rTurb=8.383574e-04 linear=ok converged=false
Transient SIMPLE 18 mass=0.000000e+00 dU=0.000000e+00 rU=0.000000e+00 dP=0.000000e+00 linP=0.000000e+00 dTurb=5.736012e-11 rTurb=1.556928e-11 linear=ok converged=true
Transient SIMPLE 1 mass=0.000000e+00 dU=0.000000e+00 rU=0.000000e+00 dP=0.000000e+00 linP=0.000000e+00 dTurb=3.104288e-03 rTurb=8.370871e-04 linear=ok converged=false
Transient SIMPLE 18 mass=0.000000e+00 dU=0.000000e+00 rU=0.000000e+00 dP=0.000000e+00 linP=0.000000e+00 dTurb=5.725534e-11 rTurb=1.554041e-11 linear=ok converged=true
Transient SIMPLE 1 mass=0.000000e+00 dU=0.000000e+00 rU=0.000000e+00 dP=0.000000e+00 linP=0.000000e+00 dTurb=3.098056e-03 rTurb=8.353816e-04 linear=ok converged=false
Transient SIMPLE 18 mass=0.000000e+00 dU=0.000000e+00 rU=0.000000e+00 dP=0.000000e+00 linP=0.000000e+00 dTurb=5.712193e-11 rTurb=1.550349e-11 linear=ok converged=true
Transient SIMPLE 1 mass=0.000000e+00 dU=0.000000e+00 rU=0.000000e+00 dP=0.000000e+00 linP=0.000000e+00 dTurb=3.091303e-03 rTurb=8.335358e-04 linear=ok converged=false
Transient SIMPLE 18 mass=0.000000e+00 dU=0.000000e+00 rU=0.000000e+00 dP=0.000000e+00 linP=0.000000e+00 dTurb=5.697894e-11 rTurb=1.546417e-11 linear=ok converged=true
Transient SIMPLE 1 mass=0.000000e+00 dU=0.000000e+00 rU=0.000000e+00 dP=0.000000e+00 linP=0.000000e+00 dTurb=3.084397e-03 rTurb=8.316486e-04 linear=ok converged=false
Transient SIMPLE 18 mass=0.000000e+00 dU=0.000000e+00 rU=0.000000e+00 dP=0.000000e+00 linP=0.000000e+00 dTurb=5.683340e-11 rTurb=1.542419e-11 linear=ok converged=true
Transient SIMPLE 1 mass=0.000000e+00 dU=0.000000e+00 rU=0.000000e+00 dP=0.000000e+00 linP=0.000000e+00 dTurb=3.077459e-03 rTurb=8.297534e-04 linear=ok converged=false
Transient SIMPLE 18 mass=0.000000e+00 dU=0.000000e+00 rU=0.000000e+00 dP=0.000000e+00 linP=0.000000e+00 dTurb=5.668730e-11 rTurb=1.538414e-11 linear=ok converged=true
Transient SIMPLE 1 mass=0.000000e+00 dU=0.000000e+00 rU=0.000000e+00 dP=0.000000e+00 linP=0.000000e+00 dTurb=3.070533e-03 rTurb=8.278612e-04 linear=ok converged=false
Transient SIMPLE 18 mass=0.000000e+00 dU=0.000000e+00 rU=0.000000e+00 dP=0.000000e+00 linP=0.000000e+00 dTurb=5.654205e-11 rTurb=1.534402e-11 linear=ok converged=true
Transient SIMPLE 1 mass=0.000000e+00 dU=0.000000e+00 rU=0.000000e+00 dP=0.000000e+00 linP=0.000000e+00 dTurb=3.063630e-03 rTurb=8.259757e-04 linear=ok converged=false
Transient SIMPLE 18 mass=0.000000e+00 dU=0.000000e+00 rU=0.000000e+00 dP=0.000000e+00 linP=0.000000e+00 dTurb=5.639665e-11 rTurb=1.530421e-11 linear=ok converged=true
Transient SIMPLE 1 mass=0.000000e+00 dU=0.000000e+00 rU=0.000000e+00 dP=0.000000e+00 linP=0.000000e+00 dTurb=3.056756e-03 rTurb=8.240981e-04 linear=ok converged=false
Transient SIMPLE 18 mass=0.000000e+00 dU=0.000000e+00 rU=0.000000e+00 dP=0.000000e+00 linP=0.000000e+00 dTurb=5.625251e-11 rTurb=1.526438e-11 linear=ok converged=true
Transient SIMPLE 1 mass=0.000000e+00 dU=0.000000e+00 rU=0.000000e+00 dP=0.000000e+00 linP=0.000000e+00 dTurb=3.049913e-03 rTurb=8.222288e-04 linear=ok converged=false
Transient SIMPLE 18 mass=0.000000e+00 dU=0.000000e+00 rU=0.000000e+00 dP=0.000000e+00 linP=0.000000e+00 dTurb=5.610874e-11 rTurb=1.522489e-11 linear=ok converged=true
Transient SIMPLE 1 mass=0.000000e+00 dU=0.000000e+00 rU=0.000000e+00 dP=0.000000e+00 linP=0.000000e+00 dTurb=3.043099e-03 rTurb=8.203678e-04 linear=ok converged=false
Transient SIMPLE 18 mass=0.000000e+00 dU=0.000000e+00 rU=0.000000e+00 dP=0.000000e+00 linP=0.000000e+00 dTurb=5.596567e-11 rTurb=1.518551e-11 linear=ok converged=true
Transient SIMPLE 1 mass=0.000000e+00 dU=0.000000e+00 rU=0.000000e+00 dP=0.000000e+00 linP=0.000000e+00 dTurb=3.036316e-03 rTurb=8.185152e-04 linear=ok converged=false
Transient SIMPLE 18 mass=0.000000e+00 dU=0.000000e+00 rU=0.000000e+00 dP=0.000000e+00 linP=0.000000e+00 dTurb=5.582337e-11 rTurb=1.514641e-11 linear=ok converged=true
Transient SIMPLE 1 mass=0.000000e+00 dU=0.000000e+00 rU=0.000000e+00 dP=0.000000e+00 linP=0.000000e+00 dTurb=3.029564e-03 rTurb=8.166709e-04 linear=ok converged=false
Transient SIMPLE 18 mass=0.000000e+00 dU=0.000000e+00 rU=0.000000e+00 dP=0.000000e+00 linP=0.000000e+00 dTurb=5.568156e-11 rTurb=1.510742e-11 linear=ok converged=true
Transient SIMPLE 1 mass=0.000000e+00 dU=0.000000e+00 rU=0.000000e+00 dP=0.000000e+00 linP=0.000000e+00 dTurb=3.022841e-03 rTurb=8.148348e-04 linear=ok converged=false
Transient SIMPLE 18 mass=0.000000e+00 dU=0.000000e+00 rU=0.000000e+00 dP=0.000000e+00 linP=0.000000e+00 dTurb=5.554078e-11 rTurb=1.506863e-11 linear=ok converged=true
Transient SIMPLE 1 mass=0.000000e+00 dU=0.000000e+00 rU=0.000000e+00 dP=0.000000e+00 linP=0.000000e+00 dTurb=3.016148e-03 rTurb=8.130069e-04 linear=ok converged=false
Transient SIMPLE 18 mass=0.000000e+00 dU=0.000000e+00 rU=0.000000e+00 dP=0.000000e+00 linP=0.000000e+00 dTurb=5.540034e-11 rTurb=1.503007e-11 linear=ok converged=true
Transient SIMPLE 1 mass=0.000000e+00 dU=0.000000e+00 rU=0.000000e+00 dP=0.000000e+00 linP=0.000000e+00 dTurb=3.009485e-03 rTurb=8.111872e-04 linear=ok converged=false
Transient SIMPLE 18 mass=0.000000e+00 dU=0.000000e+00 rU=0.000000e+00 dP=0.000000e+00 linP=0.000000e+00 dTurb=5.526065e-11 rTurb=1.499169e-11 linear=ok converged=true
Transient SIMPLE 1 mass=0.000000e+00 dU=0.000000e+00 rU=0.000000e+00 dP=0.000000e+00 linP=0.000000e+00 dTurb=3.002851e-03 rTurb=8.093755e-04 linear=ok converged=false
Transient SIMPLE 18 mass=0.000000e+00 dU=0.000000e+00 rU=0.000000e+00 dP=0.000000e+00 linP=0.000000e+00 dTurb=5.512151e-11 rTurb=1.495358e-11 linear=ok converged=true
Transient SIMPLE 1 mass=0.000000e+00 dU=0.000000e+00 rU=0.000000e+00 dP=0.000000e+00 linP=0.000000e+00 dTurb=2.996247e-03 rTurb=8.075719e-04 linear=ok converged=false
Transient SIMPLE 18 mass=0.000000e+00 dU=0.000000e+00 rU=0.000000e+00 dP=0.000000e+00 linP=0.000000e+00 dTurb=5.498324e-11 rTurb=1.491542e-11 linear=ok converged=true
Transient SIMPLE 1 mass=0.000000e+00 dU=0.000000e+00 rU=0.000000e+00 dP=0.000000e+00 linP=0.000000e+00 dTurb=2.989671e-03 rTurb=8.057763e-04 linear=ok converged=false
Transient SIMPLE 18 mass=0.000000e+00 dU=0.000000e+00 rU=0.000000e+00 dP=0.000000e+00 linP=0.000000e+00 dTurb=5.484544e-11 rTurb=1.487757e-11 linear=ok converged=true
Transient SIMPLE 1 mass=0.000000e+00 dU=0.000000e+00 rU=0.000000e+00 dP=0.000000e+00 linP=0.000000e+00 dTurb=2.983125e-03 rTurb=8.039886e-04 linear=ok converged=false
Transient SIMPLE 18 mass=0.000000e+00 dU=0.000000e+00 rU=0.000000e+00 dP=0.000000e+00 linP=0.000000e+00 dTurb=5.470865e-11 rTurb=1.483982e-11 linear=ok converged=true
Transient SIMPLE 1 mass=0.000000e+00 dU=0.000000e+00 rU=0.000000e+00 dP=0.000000e+00 linP=0.000000e+00 dTurb=2.976607e-03 rTurb=8.022087e-04 linear=ok converged=false
Transient SIMPLE 18 mass=0.000000e+00 dU=0.000000e+00 rU=0.000000e+00 dP=0.000000e+00 linP=0.000000e+00 dTurb=5.457189e-11 rTurb=1.480237e-11 linear=ok converged=true
Transient SIMPLE 1 mass=0.000000e+00 dU=0.000000e+00 rU=0.000000e+00 dP=0.000000e+00 linP=0.000000e+00 dTurb=2.970117e-03 rTurb=8.004367e-04 linear=ok converged=false
Transient SIMPLE 18 mass=0.000000e+00 dU=0.000000e+00 rU=0.000000e+00 dP=0.000000e+00 linP=0.000000e+00 dTurb=5.443588e-11 rTurb=1.476498e-11 linear=ok converged=true
Transient SIMPLE 1 mass=0.000000e+00 dU=0.000000e+00 rU=0.000000e+00 dP=0.000000e+00 linP=0.000000e+00 dTurb=2.963656e-03 rTurb=7.986725e-04 linear=ok converged=false
Transient SIMPLE 18 mass=0.000000e+00 dU=0.000000e+00 rU=0.000000e+00 dP=0.000000e+00 linP=0.000000e+00 dTurb=5.430072e-11 rTurb=1.472796e-11 linear=ok converged=true
Transient SIMPLE 1 mass=0.000000e+00 dU=0.000000e+00 rU=0.000000e+00 dP=0.000000e+00 linP=0.000000e+00 dTurb=2.957223e-03 rTurb=7.969160e-04 linear=ok converged=false
Transient SIMPLE 18 mass=0.000000e+00 dU=0.000000e+00 rU=0.000000e+00 dP=0.000000e+00 linP=0.000000e+00 dTurb=5.416627e-11 rTurb=1.469088e-11 linear=ok converged=true
Transient SIMPLE 1 mass=0.000000e+00 dU=0.000000e+00 rU=0.000000e+00 dP=0.000000e+00 linP=0.000000e+00 dTurb=2.950818e-03 rTurb=7.951672e-04 linear=ok converged=false
Transient SIMPLE 18 mass=0.000000e+00 dU=0.000000e+00 rU=0.000000e+00 dP=0.000000e+00 linP=0.000000e+00 dTurb=5.403214e-11 rTurb=1.465402e-11 linear=ok converged=true
Transient SIMPLE 1 mass=0.000000e+00 dU=0.000000e+00 rU=0.000000e+00 dP=0.000000e+00 linP=0.000000e+00 dTurb=2.944441e-03 rTurb=7.934260e-04 linear=ok converged=false
Transient SIMPLE 18 mass=0.000000e+00 dU=0.000000e+00 rU=0.000000e+00 dP=0.000000e+00 linP=0.000000e+00 dTurb=5.389880e-11 rTurb=1.461751e-11 linear=ok converged=true
Transient SIMPLE 1 mass=0.000000e+00 dU=0.000000e+00 rU=0.000000e+00 dP=0.000000e+00 linP=0.000000e+00 dTurb=2.938091e-03 rTurb=7.916924e-04 linear=ok converged=false
Transient SIMPLE 18 mass=0.000000e+00 dU=0.000000e+00 rU=0.000000e+00 dP=0.000000e+00 linP=0.000000e+00 dTurb=5.376631e-11 rTurb=1.458094e-11 linear=ok converged=true
Transient SIMPLE 1 mass=0.000000e+00 dU=0.000000e+00 rU=0.000000e+00 dP=0.000000e+00 linP=0.000000e+00 dTurb=2.931769e-03 rTurb=7.899663e-04 linear=ok converged=false
Transient SIMPLE 18 mass=0.000000e+00 dU=0.000000e+00 rU=0.000000e+00 dP=0.000000e+00 linP=0.000000e+00 dTurb=5.363411e-11 rTurb=1.454462e-11 linear=ok converged=true
Transient SIMPLE 1 mass=0.000000e+00 dU=0.000000e+00 rU=0.000000e+00 dP=0.000000e+00 linP=0.000000e+00 dTurb=2.925474e-03 rTurb=7.882476e-04 linear=ok converged=false
Transient SIMPLE 18 mass=0.000000e+00 dU=0.000000e+00 rU=0.000000e+00 dP=0.000000e+00 linP=0.000000e+00 dTurb=5.350286e-11 rTurb=1.450834e-11 linear=ok converged=true
Transient SIMPLE 1 mass=0.000000e+00 dU=0.000000e+00 rU=0.000000e+00 dP=0.000000e+00 linP=0.000000e+00 dTurb=2.919206e-03 rTurb=7.865364e-04 linear=ok converged=false
Transient SIMPLE 18 mass=0.000000e+00 dU=0.000000e+00 rU=0.000000e+00 dP=0.000000e+00 linP=0.000000e+00 dTurb=5.337125e-11 rTurb=1.447270e-11 linear=ok converged=true
Transient SIMPLE 1 mass=0.000000e+00 dU=0.000000e+00 rU=0.000000e+00 dP=0.000000e+00 linP=0.000000e+00 dTurb=2.912965e-03 rTurb=7.848326e-04 linear=ok converged=false
Transient SIMPLE 18 mass=0.000000e+00 dU=0.000000e+00 rU=0.000000e+00 dP=0.000000e+00 linP=0.000000e+00 dTurb=5.324143e-11 rTurb=1.443671e-11 linear=ok converged=true
Transient SIMPLE 1 mass=0.000000e+00 dU=0.000000e+00 rU=0.000000e+00 dP=0.000000e+00 linP=0.000000e+00 dTurb=2.906750e-03 rTurb=7.831361e-04 linear=ok converged=false
Transient SIMPLE 18 mass=0.000000e+00 dU=0.000000e+00 rU=0.000000e+00 dP=0.000000e+00 linP=0.000000e+00 dTurb=5.311157e-11 rTurb=1.440104e-11 linear=ok converged=true
Transient SIMPLE 1 mass=0.000000e+00 dU=0.000000e+00 rU=0.000000e+00 dP=0.000000e+00 linP=0.000000e+00 dTurb=2.900562e-03 rTurb=7.814469e-04 linear=ok converged=false
Transient SIMPLE 18 mass=0.000000e+00 dU=0.000000e+00 rU=0.000000e+00 dP=0.000000e+00 linP=0.000000e+00 dTurb=5.298259e-11 rTurb=1.436560e-11 linear=ok converged=true
Transient SIMPLE 1 mass=0.000000e+00 dU=0.000000e+00 rU=0.000000e+00 dP=0.000000e+00 linP=0.000000e+00 dTurb=2.894401e-03 rTurb=7.797649e-04 linear=ok converged=false
Transient SIMPLE 18 mass=0.000000e+00 dU=0.000000e+00 rU=0.000000e+00 dP=0.000000e+00 linP=0.000000e+00 dTurb=5.285395e-11 rTurb=1.433027e-11 linear=ok converged=true
Transient SIMPLE 1 mass=0.000000e+00 dU=0.000000e+00 rU=0.000000e+00 dP=0.000000e+00 linP=0.000000e+00 dTurb=2.888265e-03 rTurb=7.780902e-04 linear=ok converged=false
Transient SIMPLE 18 mass=0.000000e+00 dU=0.000000e+00 rU=0.000000e+00 dP=0.000000e+00 linP=0.000000e+00 dTurb=5.272596e-11 rTurb=1.429512e-11 linear=ok converged=true
Transient SIMPLE 1 mass=0.000000e+00 dU=0.000000e+00 rU=0.000000e+00 dP=0.000000e+00 linP=0.000000e+00 dTurb=2.882156e-03 rTurb=7.764225e-04 linear=ok converged=false
Transient SIMPLE 18 mass=0.000000e+00 dU=0.000000e+00 rU=0.000000e+00 dP=0.000000e+00 linP=0.000000e+00 dTurb=5.259845e-11 rTurb=1.426013e-11 linear=ok converged=true
Transient SIMPLE 1 mass=0.000000e+00 dU=0.000000e+00 rU=0.000000e+00 dP=0.000000e+00 linP=0.000000e+00 dTurb=2.876072e-03 rTurb=7.747620e-04 linear=ok converged=false
Transient SIMPLE 18 mass=0.000000e+00 dU=0.000000e+00 rU=0.000000e+00 dP=0.000000e+00 linP=0.000000e+00 dTurb=5.247179e-11 rTurb=1.422525e-11 linear=ok converged=true
Transient SIMPLE 1 mass=0.000000e+00 dU=0.000000e+00 rU=0.000000e+00 dP=0.000000e+00 linP=0.000000e+00 dTurb=2.870015e-03 rTurb=7.731085e-04 linear=ok converged=false
Transient SIMPLE 18 mass=0.000000e+00 dU=0.000000e+00 rU=0.000000e+00 dP=0.000000e+00 linP=0.000000e+00 dTurb=5.234549e-11 rTurb=1.419055e-11 linear=ok converged=true
Transient SIMPLE 1 mass=0.000000e+00 dU=0.000000e+00 rU=0.000000e+00 dP=0.000000e+00 linP=0.000000e+00 dTurb=2.863982e-03 rTurb=7.714621e-04 linear=ok converged=false
Transient SIMPLE 18 mass=0.000000e+00 dU=0.000000e+00 rU=0.000000e+00 dP=0.000000e+00 linP=0.000000e+00 dTurb=5.221977e-11 rTurb=1.415606e-11 linear=ok converged=true
BabelSim performance runtimeElapsed=0.0769169 linearSolves=4326 krylovIterations=1442 spmv=7210 halo=0 allreduce=8652 assembly=2884/0.000409677 preconditionerSetup=2884/0.00425449 preconditionerApply=1442/0.000575842 linearSeconds=0.00185025 spmvSeconds=0.000630484 haloSeconds=0 allreduceSeconds=0.000381807
BabelSim result time=0.1 steps=40 saved to "/tmp/babelsim-rans-validation-psw4qltp/decay-kEpsilon-bdf2-0.0025/results/serial"
BabelSim timeToSolution=0.301244
