RANS model: Spalart-Allmaras
Transient SIMPLE 1 mass=0.000000e+00 dU=0.000000e+00 rU=0.000000e+00 dP=0.000000e+00 linP=0.000000e+00 dTurb=1.142627e-02 rTurb=1.321881e-02 linear=ok converged=false
Transient SIMPLE 51 mass=0.000000e+00 dU=0.000000e+00 rU=0.000000e+00 dP=0.000000e+00 linP=0.000000e+00 dTurb=7.554844e-11 rTurb=8.606610e-11 linear=ok converged=true
Transient SIMPLE 1 mass=0.000000e+00 dU=0.000000e+00 rU=0.000000e+00 dP=0.000000e+00 linP=0.000000e+00 dTurb=1.394042e-02 rTurb=1.156349e-02 linear=ok converged=false
Transient SIMPLE 40 mass=0.000000e+00 dU=0.000000e+00 rU=0.000000e+00 dP=0.000000e+00 linP=0.000000e+00 dTurb=7.624979e-11 rTurb=6.237867e-11 linear=ok converged=true
Transient SIMPLE 1 mass=0.000000e+00 dU=0.000000e+00 rU=0.000000e+00 dP=0.000000e+00 linP=0.000000e+00 dTurb=1.377930e-02 rTurb=1.114186e-02 linear=ok converged=false
Transient SIMPLE 39 mass=0.000000e+00 dU=0.000000e+00 rU=0.000000e+00 dP=0.000000e+00 linP=0.000000e+00 dTurb=8.651666e-11 rTurb=6.906854e-11 linear=ok converged=true
Transient SIMPLE 1 mass=0.000000e+00 dU=0.000000e+00 rU=0.000000e+00 dP=0.000000e+00 linP=0.000000e+00 dTurb=1.354603e-02 rTurb=1.068643e-02 linear=ok converged=false
Transient SIMPLE 39 mass=0.000000e+00 dU=0.000000e+00 rU=0.000000e+00 dP=0.000000e+00 linP=0.000000e+00 dTurb=6.045098e-11 rTurb=4.714207e-11 linear=ok converged=true
Transient SIMPLE 1 mass=0.000000e+00 dU=0.000000e+00 rU=0.000000e+00 dP=0.000000e+00 linP=0.000000e+00 dTurb=1.329387e-02 rTurb=1.024211e-02 linear=ok converged=false
Transient SIMPLE 38 mass=0.000000e+00 dU=0.000000e+00 rU=0.000000e+00 dP=0.000000e+00 linP=0.000000e+00 dTurb=7.122599e-11 rTurb=5.430811e-11 linear=ok converged=true
Transient SIMPLE 1 mass=0.000000e+00 dU=0.000000e+00 rU=0.000000e+00 dP=0.000000e+00 linP=0.000000e+00 dTurb=1.304167e-02 rTurb=9.822318e-03 linear=ok converged=false
Transient SIMPLE 37 mass=0.000000e+00 dU=0.000000e+00 rU=0.000000e+00 dP=0.000000e+00 linP=0.000000e+00 dTurb=8.611359e-11 rTurb=6.425632e-11 linear=ok converged=true
Transient SIMPLE 1 mass=0.000000e+00 dU=0.000000e+00 rU=0.000000e+00 dP=0.000000e+00 linP=0.000000e+00 dTurb=1.279581e-02 rTurb=9.429708e-03 linear=ok converged=false
Transient SIMPLE 37 mass=0.000000e+00 dU=0.000000e+00 rU=0.000000e+00 dP=0.000000e+00 linP=0.000000e+00 dTurb=6.275352e-11 rTurb=4.586634e-11 linear=ok converged=true
Transient SIMPLE 1 mass=0.000000e+00 dU=0.000000e+00 rU=0.000000e+00 dP=0.000000e+00 linP=0.000000e+00 dTurb=1.255823e-02 rTurb=9.063405e-03 linear=ok converged=false
Transient SIMPLE 36 mass=0.000000e+00 dU=0.000000e+00 rU=0.000000e+00 dP=0.000000e+00 linP=0.000000e+00 dTurb=7.910384e-11 rTurb=5.667485e-11 linear=ok converged=true
Transient SIMPLE 1 mass=0.000000e+00 dU=0.000000e+00 rU=0.000000e+00 dP=0.000000e+00 linP=0.000000e+00 dTurb=1.232929e-02 rTurb=8.721521e-03 linear=ok converged=false
Transient SIMPLE 36 mass=0.000000e+00 dU=0.000000e+00 rU=0.000000e+00 dP=0.000000e+00 linP=0.000000e+00 dTurb=5.907061e-11 rTurb=4.151957e-11 linear=ok converged=true
Transient SIMPLE 1 mass=0.000000e+00 dU=0.000000e+00 rU=0.000000e+00 dP=0.000000e+00 linP=0.000000e+00 dTurb=1.210879e-02 rTurb=8.401997e-03 linear=ok converged=false
Transient SIMPLE 35 mass=0.000000e+00 dU=0.000000e+00 rU=0.000000e+00 dP=0.000000e+00 linP=0.000000e+00 dTurb=7.741869e-11 rTurb=5.341957e-11 linear=ok converged=true
Transient SIMPLE 1 mass=0.000000e+00 dU=0.000000e+00 rU=0.000000e+00 dP=0.000000e+00 linP=0.000000e+00 dTurb=1.189636e-02 rTurb=8.102883e-03 linear=ok converged=false
Transient SIMPLE 35 mass=0.000000e+00 dU=0.000000e+00 rU=0.000000e+00 dP=0.000000e+00 linP=0.000000e+00 dTurb=5.912049e-11 rTurb=4.007543e-11 linear=ok converged=true
Transient SIMPLE 1 mass=0.000000e+00 dU=0.000000e+00 rU=0.000000e+00 dP=0.000000e+00 linP=0.000000e+00 dTurb=1.169161e-02 rTurb=7.822400e-03 linear=ok converged=false
Transient SIMPLE 34 mass=0.000000e+00 dU=0.000000e+00 rU=0.000000e+00 dP=0.000000e+00 linP=0.000000e+00 dTurb=8.033440e-11 rTurb=5.352760e-11 linear=ok converged=true
Transient SIMPLE 1 mass=0.000000e+00 dU=0.000000e+00 rU=0.000000e+00 dP=0.000000e+00 linP=0.000000e+00 dTurb=1.149414e-02 rTurb=7.558953e-03 linear=ok converged=false
Transient SIMPLE 34 mass=0.000000e+00 dU=0.000000e+00 rU=0.000000e+00 dP=0.000000e+00 linP=0.000000e+00 dTurb=6.261436e-11 rTurb=4.103620e-11 linear=ok converged=true
Transient SIMPLE 1 mass=0.000000e+00 dU=0.000000e+00 rU=0.000000e+00 dP=0.000000e+00 linP=0.000000e+00 dTurb=1.130358e-02 rTurb=7.311117e-03 linear=ok converged=false
Transient SIMPLE 33 mass=0.000000e+00 dU=0.000000e+00 rU=0.000000e+00 dP=0.000000e+00 linP=0.000000e+00 dTurb=8.798615e-11 rTurb=5.674697e-11 linear=ok converged=true
Transient SIMPLE 1 mass=0.000000e+00 dU=0.000000e+00 rU=0.000000e+00 dP=0.000000e+00 linP=0.000000e+00 dTurb=1.111957e-02 rTurb=7.077614e-03 linear=ok converged=false
Transient SIMPLE 33 mass=0.000000e+00 dU=0.000000e+00 rU=0.000000e+00 dP=0.000000e+00 linP=0.000000e+00 dTurb=6.987413e-11 rTurb=4.437475e-11 linear=ok converged=true
Transient SIMPLE 1 mass=0.000000e+00 dU=0.000000e+00 rU=0.000000e+00 dP=0.000000e+00 linP=0.000000e+00 dTurb=1.094179e-02 rTurb=6.857298e-03 linear=ok converged=false
Transient SIMPLE 33 mass=0.000000e+00 dU=0.000000e+00 rU=0.000000e+00 dP=0.000000e+00 linP=0.000000e+00 dTurb=5.579809e-11 rTurb=3.490968e-11 linear=ok converged=true
Transient SIMPLE 1 mass=0.000000e+00 dU=0.000000e+00 rU=0.000000e+00 dP=0.000000e+00 linP=0.000000e+00 dTurb=1.076993e-02 rTurb=6.648658e-03 linear=ok converged=false
Transient SIMPLE 32 mass=0.000000e+00 dU=0.000000e+00 rU=0.000000e+00 dP=0.000000e+00 linP=0.000000e+00 dTurb=8.144442e-11 rTurb=5.021244e-11 linear=ok converged=true
Transient SIMPLE 1 mass=0.000000e+00 dU=0.000000e+00 rU=0.000000e+00 dP=0.000000e+00 linP=0.000000e+00 dTurb=1.060156e-02 rTurb=6.449865e-03 linear=ok converged=false
Transient SIMPLE 32 mass=0.000000e+00 dU=0.000000e+00 rU=0.000000e+00 dP=0.000000e+00 linP=0.000000e+00 dTurb=6.609693e-11 rTurb=4.018291e-11 linear=ok converged=true
Transient SIMPLE 1 mass=0.000000e+00 dU=0.000000e+00 rU=0.000000e+00 dP=0.000000e+00 linP=0.000000e+00 dTurb=1.043764e-02 rTurb=6.261523e-03 linear=ok converged=false
Transient SIMPLE 31 mass=0.000000e+00 dU=0.000000e+00 rU=0.000000e+00 dP=0.000000e+00 linP=0.000000e+00 dTurb=9.971196e-11 rTurb=5.979727e-11 linear=ok converged=true
Transient SIMPLE 1 mass=0.000000e+00 dU=0.000000e+00 rU=0.000000e+00 dP=0.000000e+00 linP=0.000000e+00 dTurb=1.027865e-02 rTurb=6.082776e-03 linear=ok converged=false
Transient SIMPLE 31 mass=0.000000e+00 dU=0.000000e+00 rU=0.000000e+00 dP=0.000000e+00 linP=0.000000e+00 dTurb=8.217476e-11 rTurb=4.863519e-11 linear=ok converged=true
BabelSim performance runtimeElapsed=0.107608 linearSolves=3580 krylovIterations=1432 spmv=6444 halo=29358 allreduce=18616 assembly=2148/0.000277656 preconditionerSetup=2148/0.00495213 preconditionerApply=2148/0.000613833 linearSeconds=0.00763809 spmvSeconds=0.00337321 haloSeconds=0.027544 allreduceSeconds=0.00758081
BabelSim result time=0.1 steps=20 saved to "/tmp/babelsim-rans-validation-psw4qltp/decay-SA-bdf2-0.005/results/np2"
BabelSim timeToSolution=0.337911
