scalarCheck=1 error=4.55897e-10
scalarCheck=1 error=4.55897e-10
scalarCheck=2 error=8.51989e-08
scalarCheck=2 error=8.51989e-08
scalarCheck=2 error=8.33842e-08
scalarCheck=2 error=8.51989e-08
scalarCheck=3 error=8.23239e-08
scalarCheck=3 error=8.23239e-08
scalarCheck=3 error=7.88478e-08
scalarCheck=3 error=8.23239e-08
scalarCheck=4 error=1.87471e-10
scalarCheck=4 error=1.87471e-10
scalarCheck=4 error=5.5384e-09
scalarCheck=4 error=5.5384e-09
vectorCheck=2 error=2.42474e-08
vectorCheck=2 error=4.91323e-10
vectorCheck=2 error=2.42474e-08
scalarCheck=6 error=1.01953e-07
vectorCheck=4 error=8.34175e-08
scalarCheck=6 error=1.01953e-07
vectorCheck=4 error=8.34175e-08
scalarCheck=8 error=8.87342e-10
scalarCheck=6 error=1.01953e-07
vectorCheck=4 error=8.34175e-08
scalarCheck=8 error=8.87342e-10
scalarCheck=6 error=9.97813e-08
vectorCheck=4 error=8.16407e-08
scalarCheck=8 error=8.76483e-10
scalarCheck=8 error=8.87342e-10
scalarCheck=17 error=4.55897e-10
scalarCheck=17 error=4.55897e-10
scalarCheck=18 error=8.33842e-08
scalarCheck=19 error=7.88478e-08
scalarCheck=18 error=8.51989e-08
scalarCheck=19 error=8.23239e-08
scalarCheck=18 error=8.51989e-08
scalarCheck=19 error=8.23239e-08
scalarCheck=18 error=8.51989e-08
scalarCheck=19 error=8.23239e-08
scalarCheck=20 error=5.5384e-09
scalarCheck=20 error=1.87471e-10
scalarCheck=20 error=1.87471e-10
scalarCheck=20 error=5.5384e-09
vectorCheck=7 error=2.42474e-08
vectorCheck=7 error=2.42474e-08
vectorCheck=7 error=4.91323e-10
scalarCheck=22 error=1.01953e-07
vectorCheck=9 error=8.34175e-08
scalarCheck=23 error=0.000117201
scalarCheck=22 error=9.97813e-08
vectorCheck=9 error=8.16407e-08
scalarCheck=23 error=0.000114355
scalarCheck=22 error=1.01953e-07
vectorCheck=9 error=8.34175e-08
scalarCheck=23 error=0.000117201
scalarCheck=22 error=1.01953e-07
vectorCheck=9 error=8.34175e-08
scalarCheck=23 error=0.000117201
scalarCheck=24 error=0.000246513
scalarCheck=24 error=0.000237776
scalarCheck=24 error=0.000246513
scalarCheck=24 error=0.000246513
scalarCheck=33 error=4.55897e-10
scalarCheck=33 error=4.55897e-10
scalarCheck=34 error=8.51989e-08
scalarCheck=35 error=8.23239e-08
scalarCheck=34 error=8.51989e-08
scalarCheck=35 error=8.23239e-08
scalarCheck=34 error=8.33842e-08
scalarCheck=35 error=7.88478e-08
scalarCheck=34 error=8.51989e-08
scalarCheck=35 error=8.23239e-08
scalarCheck=36 error=5.5384e-09
scalarCheck=36 error=1.87471e-10
scalarCheck=36 error=5.5384e-09
scalarCheck=36 error=1.87471e-10
vectorCheck=12 error=2.42474e-08
vectorCheck=12 error=2.42474e-08
vectorCheck=12 error=4.91323e-10
scalarCheck=38 error=1.01953e-07
vectorCheck=14 error=8.34175e-08
scalarCheck=38 error=9.97813e-08
vectorCheck=14 error=8.16407e-08
scalarCheck=38 error=1.01953e-07
vectorCheck=14 error=8.34175e-08
scalarCheck=38 error=1.01953e-07
vectorCheck=14 error=8.34175e-08
scalarCheck=39 error=0.000112977
scalarCheck=40 error=0.000234909
scalarCheck=39 error=0.000112977
scalarCheck=40 error=0.000234909
scalarCheck=39 error=0.000112977
scalarCheck=40 error=0.000234909
scalarCheck=39 error=0.000112977
scalarCheck=40 error=0.000234909
REVIEW GG maximum=0.000246513
REVIEW GG maximum=0.000246513
parallel_math_test: 22 operations x 3 diffusion methods, poisoned halos, maxError=0.000246513
REVIEW GG maximum=0.000246513
REVIEW GG maximum=0.000246513
