RANS model: Wilcox1988m k-omega
Transient SIMPLE 1 mass=0.000000e+00 dU=0.000000e+00 rU=0.000000e+00 dP=0.000000e+00 linP=0.000000e+00 dTurb=1.259137e-04 rTurb=1.625036e-04 linear=ok converged=false
Transient SIMPLE 46 mass=0.000000e+00 dU=0.000000e+00 rU=0.000000e+00 dP=0.000000e+00 linP=0.000000e+00 dTurb=5.962943e-11 rTurb=7.893241e-11 linear=ok converged=true
Transient SIMPLE 1 mass=0.000000e+00 dU=0.000000e+00 rU=0.000000e+00 dP=0.000000e+00 linP=0.000000e+00 dTurb=1.572409e-04 rTurb=1.466904e-04 linear=ok converged=false
Transient SIMPLE 35 mass=0.000000e+00 dU=0.000000e+00 rU=0.000000e+00 dP=0.000000e+00 linP=0.000000e+00 dTurb=8.423197e-11 rTurb=8.042977e-11 linear=ok converged=true
Transient SIMPLE 1 mass=0.000000e+00 dU=0.000000e+00 rU=0.000000e+00 dP=0.000000e+00 linP=0.000000e+00 dTurb=1.572022e-04 rTurb=1.466459e-04 linear=ok converged=false
Transient SIMPLE 35 mass=0.000000e+00 dU=0.000000e+00 rU=0.000000e+00 dP=0.000000e+00 linP=0.000000e+00 dTurb=8.415552e-11 rTurb=8.035221e-11 linear=ok converged=true
Transient SIMPLE 1 mass=0.000000e+00 dU=0.000000e+00 rU=0.000000e+00 dP=0.000000e+00 linP=0.000000e+00 dTurb=1.571539e-04 rTurb=1.465926e-04 linear=ok converged=false
Transient SIMPLE 35 mass=0.000000e+00 dU=0.000000e+00 rU=0.000000e+00 dP=0.000000e+00 linP=0.000000e+00 dTurb=8.407399e-11 rTurb=8.026989e-11 linear=ok converged=true
Transient SIMPLE 1 mass=0.000000e+00 dU=0.000000e+00 rU=0.000000e+00 dP=0.000000e+00 linP=0.000000e+00 dTurb=1.571024e-04 rTurb=1.465363e-04 linear=ok converged=false
Transient SIMPLE 35 mass=0.000000e+00 dU=0.000000e+00 rU=0.000000e+00 dP=0.000000e+00 linP=0.000000e+00 dTurb=8.399087e-11 rTurb=8.018594e-11 linear=ok converged=true
Transient SIMPLE 1 mass=0.000000e+00 dU=0.000000e+00 rU=0.000000e+00 dP=0.000000e+00 linP=0.000000e+00 dTurb=1.570498e-04 rTurb=1.464791e-04 linear=ok converged=false
Transient SIMPLE 35 mass=0.000000e+00 dU=0.000000e+00 rU=0.000000e+00 dP=0.000000e+00 linP=0.000000e+00 dTurb=8.390737e-11 rTurb=8.010164e-11 linear=ok converged=true
Transient SIMPLE 1 mass=0.000000e+00 dU=0.000000e+00 rU=0.000000e+00 dP=0.000000e+00 linP=0.000000e+00 dTurb=1.569970e-04 rTurb=1.464216e-04 linear=ok converged=false
Transient SIMPLE 35 mass=0.000000e+00 dU=0.000000e+00 rU=0.000000e+00 dP=0.000000e+00 linP=0.000000e+00 dTurb=8.382366e-11 rTurb=8.001735e-11 linear=ok converged=true
Transient SIMPLE 1 mass=0.000000e+00 dU=0.000000e+00 rU=0.000000e+00 dP=0.000000e+00 linP=0.000000e+00 dTurb=1.569441e-04 rTurb=1.463640e-04 linear=ok converged=false
Transient SIMPLE 35 mass=0.000000e+00 dU=0.000000e+00 rU=0.000000e+00 dP=0.000000e+00 linP=0.000000e+00 dTurb=8.374006e-11 rTurb=7.993297e-11 linear=ok converged=true
Transient SIMPLE 1 mass=0.000000e+00 dU=0.000000e+00 rU=0.000000e+00 dP=0.000000e+00 linP=0.000000e+00 dTurb=1.568911e-04 rTurb=1.463064e-04 linear=ok converged=false
Transient SIMPLE 35 mass=0.000000e+00 dU=0.000000e+00 rU=0.000000e+00 dP=0.000000e+00 linP=0.000000e+00 dTurb=8.365658e-11 rTurb=7.984886e-11 linear=ok converged=true
Transient SIMPLE 1 mass=0.000000e+00 dU=0.000000e+00 rU=0.000000e+00 dP=0.000000e+00 linP=0.000000e+00 dTurb=1.568382e-04 rTurb=1.462488e-04 linear=ok converged=false
Transient SIMPLE 35 mass=0.000000e+00 dU=0.000000e+00 rU=0.000000e+00 dP=0.000000e+00 linP=0.000000e+00 dTurb=8.357318e-11 rTurb=7.976471e-11 linear=ok converged=true
Transient SIMPLE 1 mass=0.000000e+00 dU=0.000000e+00 rU=0.000000e+00 dP=0.000000e+00 linP=0.000000e+00 dTurb=1.567853e-04 rTurb=1.461913e-04 linear=ok converged=false
Transient SIMPLE 35 mass=0.000000e+00 dU=0.000000e+00 rU=0.000000e+00 dP=0.000000e+00 linP=0.000000e+00 dTurb=8.348986e-11 rTurb=7.968065e-11 linear=ok converged=true
Transient SIMPLE 1 mass=0.000000e+00 dU=0.000000e+00 rU=0.000000e+00 dP=0.000000e+00 linP=0.000000e+00 dTurb=1.567325e-04 rTurb=1.461338e-04 linear=ok converged=false
Transient SIMPLE 35 mass=0.000000e+00 dU=0.000000e+00 rU=0.000000e+00 dP=0.000000e+00 linP=0.000000e+00 dTurb=8.340672e-11 rTurb=7.959668e-11 linear=ok converged=true
Transient SIMPLE 1 mass=0.000000e+00 dU=0.000000e+00 rU=0.000000e+00 dP=0.000000e+00 linP=0.000000e+00 dTurb=1.566797e-04 rTurb=1.460764e-04 linear=ok converged=false
Transient SIMPLE 35 mass=0.000000e+00 dU=0.000000e+00 rU=0.000000e+00 dP=0.000000e+00 linP=0.000000e+00 dTurb=8.332370e-11 rTurb=7.951302e-11 linear=ok converged=true
Transient SIMPLE 1 mass=0.000000e+00 dU=0.000000e+00 rU=0.000000e+00 dP=0.000000e+00 linP=0.000000e+00 dTurb=1.566269e-04 rTurb=1.460190e-04 linear=ok converged=false
Transient SIMPLE 35 mass=0.000000e+00 dU=0.000000e+00 rU=0.000000e+00 dP=0.000000e+00 linP=0.000000e+00 dTurb=8.324064e-11 rTurb=7.942937e-11 linear=ok converged=true
Transient SIMPLE 1 mass=0.000000e+00 dU=0.000000e+00 rU=0.000000e+00 dP=0.000000e+00 linP=0.000000e+00 dTurb=1.565742e-04 rTurb=1.459617e-04 linear=ok converged=false
Transient SIMPLE 35 mass=0.000000e+00 dU=0.000000e+00 rU=0.000000e+00 dP=0.000000e+00 linP=0.000000e+00 dTurb=8.315786e-11 rTurb=7.934583e-11 linear=ok converged=true
Transient SIMPLE 1 mass=0.000000e+00 dU=0.000000e+00 rU=0.000000e+00 dP=0.000000e+00 linP=0.000000e+00 dTurb=1.565215e-04 rTurb=1.459044e-04 linear=ok converged=false
Transient SIMPLE 35 mass=0.000000e+00 dU=0.000000e+00 rU=0.000000e+00 dP=0.000000e+00 linP=0.000000e+00 dTurb=8.307512e-11 rTurb=7.926246e-11 linear=ok converged=true
Transient SIMPLE 1 mass=0.000000e+00 dU=0.000000e+00 rU=0.000000e+00 dP=0.000000e+00 linP=0.000000e+00 dTurb=1.564689e-04 rTurb=1.458471e-04 linear=ok converged=false
Transient SIMPLE 35 mass=0.000000e+00 dU=0.000000e+00 rU=0.000000e+00 dP=0.000000e+00 linP=0.000000e+00 dTurb=8.299260e-11 rTurb=7.917916e-11 linear=ok converged=true
Transient SIMPLE 1 mass=0.000000e+00 dU=0.000000e+00 rU=0.000000e+00 dP=0.000000e+00 linP=0.000000e+00 dTurb=1.564163e-04 rTurb=1.457899e-04 linear=ok converged=false
Transient SIMPLE 35 mass=0.000000e+00 dU=0.000000e+00 rU=0.000000e+00 dP=0.000000e+00 linP=0.000000e+00 dTurb=8.291001e-11 rTurb=7.909610e-11 linear=ok converged=true
Transient SIMPLE 1 mass=0.000000e+00 dU=0.000000e+00 rU=0.000000e+00 dP=0.000000e+00 linP=0.000000e+00 dTurb=1.563637e-04 rTurb=1.457327e-04 linear=ok converged=false
Transient SIMPLE 35 mass=0.000000e+00 dU=0.000000e+00 rU=0.000000e+00 dP=0.000000e+00 linP=0.000000e+00 dTurb=8.282758e-11 rTurb=7.901308e-11 linear=ok converged=true
Transient SIMPLE 1 mass=0.000000e+00 dU=0.000000e+00 rU=0.000000e+00 dP=0.000000e+00 linP=0.000000e+00 dTurb=1.563111e-04 rTurb=1.456756e-04 linear=ok converged=false
Transient SIMPLE 35 mass=0.000000e+00 dU=0.000000e+00 rU=0.000000e+00 dP=0.000000e+00 linP=0.000000e+00 dTurb=8.274530e-11 rTurb=7.893010e-11 linear=ok converged=true
BabelSim performance runtimeElapsed=0.148099 linearSolves=4266 krylovIterations=2844 spmv=9954 halo=33419 allreduce=27018 assembly=2844/0.000258707 preconditionerSetup=2844/0.0166364 preconditionerApply=4266/0.000843678 linearSeconds=0.0213191 spmvSeconds=0.0119997 haloSeconds=0.0691829 allreduceSeconds=0.0313158
BabelSim result time=0.1 steps=20 saved to "/tmp/babelsim-rans-validation-r9320laj/decay-kOmega-bdf2-0.005/results/np2"
BabelSim timeToSolution=0.393318
